// Jest Snapshot v1, https://goo.gl/fbAQLP

exports[`Absolute renders default component 1`] = `
.c0 {
  position: absolute;
}

<div
  className="c0"
/>
`;
