// Jest Snapshot v1, https://goo.gl/fbAQLP

exports[`Column renders default component 1`] = `
.c0 {
  width: 100%;
  display: inline-block;
  vertical-align: top;
  margin-right: 20px;
}

.c0:last-child {
  margin-right: 0;
}

<div
  className="c0"
/>
`;
