// Jest Snapshot v1, https://goo.gl/fbAQLP

exports[`Page renders default component 1`] = `
.c0 {
  width: 100%;
}

<div
  className="c0"
/>
`;
