// Jest Snapshot v1, https://goo.gl/fbAQLP

exports[`Relative renders default component 1`] = `
.c0 {
  position: relative;
}

<div
  className="c0"
/>
`;
